// Jest Snapshot v1, https://goo.gl/fbAQLP

exports[`Copyright displays current year and brand 1`] = `
<p>
  Â© 2021 ğŸ‡®ğŸ‡ª FÃ³graÃ­ ğŸ‡¨ğŸ‡¦
</p>
`;
